Package: jest
Fetcher: github
Source:  https://github.com/Emiller88/emacs-jest.git

Updating /mnt/store/melpa/working/jest/
Built jest in 3.893s, finished at Mon Apr  5 16:04:31 2021
 ✓ Success:
 20K -rw-r--r-- 1 root root  18K Apr  5 16:04 packages/jest-20210219.1508.el
4.0K -rw-r--r-- 1 root root  509 Apr  5 16:04 packages/jest-20210219.1508.entry
4.0K -rw-r--r-- 1 root root 1.2K Apr  5 16:04 packages/jest-badge.svg
4.0K -rw-r--r-- 1 root root  601 Apr  5 16:04 packages/jest-readme.txt
 12K -rw-r--r-- 1 root root 8.7K Apr  5 16:04 packages/jest-test-mode-20210228.132.el
4.0K -rw-r--r-- 1 root root  362 Apr  5 16:04 packages/jest-test-mode-20210228.132.entry
4.0K -rw-r--r-- 1 root root 1.2K Apr  5 16:04 packages/jest-test-mode-badge.svg
4.0K -rw-r--r-- 1 root root  940 Apr  5 16:04 packages/jest-test-mode-readme.txt
4.0K -rw-r--r-- 1 root root  230 Apr  5 16:04 packages/jest-test-mode.log
