Package: pytest
Fetcher: github
Source:  https://github.com/ionrock/pytest-el.git

Updating /mnt/store/melpa/working/pytest/
Built pytest in 3.316s, finished at Mon Apr  5 16:21:55 2021
 ✓ Success:
 12K -rw-r--r-- 1 root root  12K Apr  5 16:21 packages/pytest-20200330.41.el
4.0K -rw-r--r-- 1 root root  246 Apr  5 16:21 packages/pytest-20200330.41.entry
4.0K -rw-r--r-- 1 root root 1.2K Apr  5 16:21 packages/pytest-badge.svg
4.0K -rw-r--r-- 1 root root  396 Apr  5 16:21 packages/pytest-pdb-break-20200804.848.entry
100K -rw-r--r-- 1 root root 100K Apr  5 16:21 packages/pytest-pdb-break-20200804.848.tar
4.0K -rw-r--r-- 1 root root 1.2K Apr  5 15:17 packages/pytest-pdb-break-badge.svg
4.0K -rw-r--r-- 1 root root  650 Apr  5 16:21 packages/pytest-pdb-break-readme.txt
4.0K -rw-r--r-- 1 root root 1.5K Apr  5 16:21 packages/pytest-pdb-break.log
4.0K -rw-r--r-- 1 root root 1.6K Apr  5 16:21 packages/pytest-readme.txt
